------------------------------------------------------------
TimeQuest Timing Analyzer Summary
------------------------------------------------------------

Type  : Slow Model Setup 'horario:H1|contador:H1|divF:DIV3|estado'
Slack : -5.523
TNS   : -144.843

Type  : Slow Model Setup 'cronometro:C1|contador:MS1|divF:DIV1|estado'
Slack : -5.484
TNS   : -146.586

Type  : Slow Model Setup 'horario:H1|contador:H1|divF:DIV2|estado'
Slack : -5.416
TNS   : -142.686

Type  : Slow Model Setup 'alarme:A1|contador:M2|divF:DIV1|estado'
Slack : -5.363
TNS   : -139.817

Type  : Slow Model Setup 'horario:H1|contador:H1|divF:DIV1|estado'
Slack : -5.317
TNS   : -135.628

Type  : Slow Model Setup 'cronometro:C1|contador:MS1|divF:DIV2|estado'
Slack : -5.260
TNS   : -137.564

Type  : Slow Model Setup 'cronometro:C1|contador:MS1|divF:DIV3|estado'
Slack : -5.202
TNS   : -134.519

Type  : Slow Model Setup 'horario:H1|contador:S2|divF:DIV3|estado'
Slack : -5.194
TNS   : -129.529

Type  : Slow Model Setup 'alarme:A1|contador:M2|divF:DIV2|estado'
Slack : -5.137
TNS   : -132.827

Type  : Slow Model Setup 'horario:H1|contador:S2|divF:DIV2|estado'
Slack : -5.132
TNS   : -134.206

Type  : Slow Model Setup 'alarme:A1|contador:M2|divF:DIV3|estado'
Slack : -5.075
TNS   : -132.766

Type  : Slow Model Setup 'alarme:A1|contador:H2|divF:DIV2|estado'
Slack : -4.892
TNS   : -127.546

Type  : Slow Model Setup 'alarme:A1|contador:H1|divF:DIV3|estado'
Slack : -4.889
TNS   : -126.591

Type  : Slow Model Setup 'horario:H1|contador:M2|divF:DIV2|estado'
Slack : -4.745
TNS   : -117.627

Type  : Slow Model Setup 'horario:H1|contador:S2|divF:DIV1|estado'
Slack : -4.711
TNS   : -125.597

Type  : Slow Model Setup 'horario:H1|contador:H2|divF:DIV3|estado'
Slack : -4.694
TNS   : -122.755

Type  : Slow Model Setup 'alarme:A1|contador:M1|divF:DIV3|estado'
Slack : -4.648
TNS   : -124.464

Type  : Slow Model Setup 'alarme:A1|contador:M1|divF:DIV2|estado'
Slack : -4.612
TNS   : -123.790

Type  : Slow Model Setup 'horario:H1|contador:M2|divF:DIV1|estado'
Slack : -4.610
TNS   : -121.754

Type  : Slow Model Setup 'alarme:A1|contador:H1|divF:DIV2|estado'
Slack : -4.606
TNS   : -122.479

Type  : Slow Model Setup 'alarme:A1|contador:H2|divF:DIV3|estado'
Slack : -4.605
TNS   : -123.180

Type  : Slow Model Setup 'alarme:A1|contador:H2|divF:DIV1|estado'
Slack : -4.579
TNS   : -121.176

Type  : Slow Model Setup 'alarme:A1|contador:H1|divF:DIV1|estado'
Slack : -4.569
TNS   : -119.849

Type  : Slow Model Setup 'horario:H1|contador:M2|divF:DIV3|estado'
Slack : -4.508
TNS   : -120.151

Type  : Slow Model Setup 'horario:H1|contador:M1|divF:DIV2|estado'
Slack : -4.409
TNS   : -117.563

Type  : Slow Model Setup 'horario:H1|contador:H2|divF:DIV1|estado'
Slack : -4.402
TNS   : -118.471

Type  : Slow Model Setup 'horario:H1|contador:S1|divF:DIV3|estado'
Slack : -4.389
TNS   : -116.940

Type  : Slow Model Setup 'horario:H1|contador:S1|divF:DIV1|estado'
Slack : -4.386
TNS   : -117.296

Type  : Slow Model Setup 'alarme:A1|contador:M1|divF:DIV1|estado'
Slack : -4.386
TNS   : -117.043

Type  : Slow Model Setup 'horario:H1|divF:DIV1|estado'
Slack : -4.364
TNS   : -113.319

Type  : Slow Model Setup 'horario:H1|contador:M1|divF:DIV3|estado'
Slack : -4.361
TNS   : -113.516

Type  : Slow Model Setup 'horario:H1|contador:S1|divF:DIV2|estado'
Slack : -4.321
TNS   : -112.186

Type  : Slow Model Setup 'horario:H1|contador:H2|divF:DIV2|estado'
Slack : -4.138
TNS   : -105.413

Type  : Slow Model Setup 'horario:H1|contador:M1|divF:DIV1|estado'
Slack : -4.071
TNS   : -109.119

Type  : Slow Model Setup 'cronometro:C1|contador:S1|divF:DIV3|estado'
Slack : -4.024
TNS   : -103.094

Type  : Slow Model Setup 'EscolhaModo[0]'
Slack : -3.909
TNS   : -19.461

Type  : Slow Model Setup 'cronometro:C1|contador:S1|divF:DIV2|estado'
Slack : -3.793
TNS   : -99.883

Type  : Slow Model Setup 'cronometro:C1|contador:MS2|divF:DIV1|estado'
Slack : -3.792
TNS   : -98.654

Type  : Slow Model Setup 'cronometro:C1|contador:S1|divF:DIV1|estado'
Slack : -3.734
TNS   : -95.706

Type  : Slow Model Setup 'cronometro:C1|contador:MS2|divF:DIV3|estado'
Slack : -3.665
TNS   : -90.460

Type  : Slow Model Setup 'cronometro:C1|contador:M2|divF:DIV1|estado'
Slack : -3.577
TNS   : -92.501

Type  : Slow Model Setup 'cronometro:C1|contador:M2|divF:DIV3|estado'
Slack : -3.473
TNS   : -88.513

Type  : Slow Model Setup 'cronometro:C1|contador:M2|divF:DIV2|estado'
Slack : -3.468
TNS   : -85.247

Type  : Slow Model Setup 'cronometro:C1|divF:DIV1|estado'
Slack : -3.404
TNS   : -91.670

Type  : Slow Model Setup 'cronometro:C1|contador:MS2|divF:DIV2|estado'
Slack : -3.391
TNS   : -90.150

Type  : Slow Model Setup 'clock1'
Slack : -3.335
TNS   : -156.607

Type  : Slow Model Setup 'horario:H1|clockH'
Slack : -3.329
TNS   : -89.036

Type  : Slow Model Setup 'cronometro:C1|contador:S2|divF:DIV2|estado'
Slack : -3.291
TNS   : -86.261

Type  : Slow Model Setup 'cronometro:C1|contador:M1|divF:DIV1|estado'
Slack : -3.283
TNS   : -84.038

Type  : Slow Model Setup 'horario:H1|clockM'
Slack : -3.276
TNS   : -72.891

Type  : Slow Model Setup 'cronometro:C1|contador:M1|divF:DIV3|estado'
Slack : -3.226
TNS   : -83.555

Type  : Slow Model Setup 'cronometro:C1|contador:S2|divF:DIV1|estado'
Slack : -3.206
TNS   : -83.483

Type  : Slow Model Setup 'cronometro:C1|contador:M1|divF:DIV2|estado'
Slack : -3.059
TNS   : -80.980

Type  : Slow Model Setup 'horario:H1|contador:S1|divF:DIV4|estado'
Slack : -3.051
TNS   : -79.928

Type  : Slow Model Setup 'alarme:A1|contador:M1|divF:DIV4|estado'
Slack : -3.014
TNS   : -73.300

Type  : Slow Model Setup 'alarme:A1|contador:H1|divF:DIV4|estado'
Slack : -2.971
TNS   : -81.383

Type  : Slow Model Setup 'cronometro:C1|contador:MS2|divF:DIV4|estado'
Slack : -2.918
TNS   : -56.814

Type  : Slow Model Setup 'alarme:A1|clockH'
Slack : -2.879
TNS   : -70.168

Type  : Slow Model Setup 'cronometro:C1|contador:S2|divF:DIV3|estado'
Slack : -2.833
TNS   : -100.608

Type  : Slow Model Setup 'alarme:A1|clockM'
Slack : -2.781
TNS   : -63.393

Type  : Slow Model Setup 'horario:H1|contador:H1|divF:DIV4|estado'
Slack : -2.567
TNS   : -69.772

Type  : Slow Model Setup 'horario:H1|contador:M1|divF:DIV4|estado'
Slack : -2.439
TNS   : -67.386

Type  : Slow Model Setup 'cronometro:C1|contador:MS1|divF:DIV4|estado'
Slack : -2.385
TNS   : -47.096

Type  : Slow Model Setup 'cronometro:C1|contador:S1|divF:DIV4|estado'
Slack : -2.378
TNS   : -47.779

Type  : Slow Model Setup 'cronometro:C1|contador:M1|divF:DIV4|estado'
Slack : -2.377
TNS   : -48.352

Type  : Slow Model Setup 'strt'
Slack : -1.257
TNS   : -1.257

Type  : Slow Model Setup 'set'
Slack : -0.940
TNS   : -3.124

Type  : Slow Model Setup 'modo'
Slack : -0.782
TNS   : -1.168

Type  : Slow Model Hold 'alarme:A1|clockM'
Slack : -3.449
TNS   : -17.923

Type  : Slow Model Hold 'alarme:A1|contador:M1|divF:DIV4|estado'
Slack : -3.381
TNS   : -9.923

Type  : Slow Model Hold 'cronometro:C1|contador:MS2|divF:DIV4|estado'
Slack : -3.380
TNS   : -5.623

Type  : Slow Model Hold 'cronometro:C1|contador:MS1|divF:DIV4|estado'
Slack : -3.359
TNS   : -5.279

Type  : Slow Model Hold 'horario:H1|contador:S1|divF:DIV4|estado'
Slack : -3.263
TNS   : -46.529

Type  : Slow Model Hold 'horario:H1|contador:M1|divF:DIV4|estado'
Slack : -3.226
TNS   : -35.823

Type  : Slow Model Hold 'alarme:A1|clockH'
Slack : -3.215
TNS   : -41.572

Type  : Slow Model Hold 'horario:H1|clockH'
Slack : -3.101
TNS   : -4.677

Type  : Slow Model Hold 'horario:H1|contador:H1|divF:DIV4|estado'
Slack : -3.054
TNS   : -13.292

Type  : Slow Model Hold 'horario:H1|clockM'
Slack : -3.048
TNS   : -27.349

Type  : Slow Model Hold 'cronometro:C1|contador:M1|divF:DIV4|estado'
Slack : -3.026
TNS   : -5.120

Type  : Slow Model Hold 'cronometro:C1|contador:S1|divF:DIV4|estado'
Slack : -3.024
TNS   : -4.958

Type  : Slow Model Hold 'cronometro:C1|divF:DIV1|estado'
Slack : -2.982
TNS   : -4.944

Type  : Slow Model Hold 'cronometro:C1|contador:S2|divF:DIV3|estado'
Slack : -2.962
TNS   : -4.725

Type  : Slow Model Hold 'alarme:A1|contador:H1|divF:DIV4|estado'
Slack : -2.849
TNS   : -35.292

Type  : Slow Model Hold 'clock1'
Slack : -2.546
TNS   : -8.315

Type  : Slow Model Hold 'modo'
Slack : -2.484
TNS   : -4.564

Type  : Slow Model Hold 'set'
Slack : -1.922
TNS   : -4.985

Type  : Slow Model Hold 'horario:H1|divF:DIV1|estado'
Slack : -1.475
TNS   : -1.926

Type  : Slow Model Hold 'horario:H1|contador:H2|divF:DIV1|estado'
Slack : -1.438
TNS   : -1.438

Type  : Slow Model Hold 'alarme:A1|contador:M1|divF:DIV1|estado'
Slack : -1.428
TNS   : -1.428

Type  : Slow Model Hold 'horario:H1|contador:M1|divF:DIV2|estado'
Slack : -1.414
TNS   : -1.414

Type  : Slow Model Hold 'horario:H1|contador:S2|divF:DIV1|estado'
Slack : -1.320
TNS   : -1.320

Type  : Slow Model Hold 'strt'
Slack : -1.239
TNS   : -1.239

Type  : Slow Model Hold 'horario:H1|contador:S2|divF:DIV2|estado'
Slack : -1.201
TNS   : -1.201

Type  : Slow Model Hold 'cronometro:C1|contador:S1|divF:DIV1|estado'
Slack : -1.197
TNS   : -1.197

Type  : Slow Model Hold 'alarme:A1|contador:H1|divF:DIV2|estado'
Slack : -1.195
TNS   : -1.195

Type  : Slow Model Hold 'alarme:A1|contador:M2|divF:DIV1|estado'
Slack : -1.192
TNS   : -1.192

Type  : Slow Model Hold 'cronometro:C1|contador:M1|divF:DIV3|estado'
Slack : -1.190
TNS   : -1.190

Type  : Slow Model Hold 'alarme:A1|contador:M2|divF:DIV2|estado'
Slack : -1.185
TNS   : -1.185

Type  : Slow Model Hold 'alarme:A1|contador:M1|divF:DIV3|estado'
Slack : -1.184
TNS   : -1.184

Type  : Slow Model Hold 'alarme:A1|contador:H1|divF:DIV1|estado'
Slack : -1.177
TNS   : -1.177

Type  : Slow Model Hold 'cronometro:C1|contador:MS2|divF:DIV3|estado'
Slack : -1.177
TNS   : -1.177

Type  : Slow Model Hold 'horario:H1|contador:H1|divF:DIV2|estado'
Slack : -1.177
TNS   : -1.177

Type  : Slow Model Hold 'horario:H1|contador:S1|divF:DIV2|estado'
Slack : -1.177
TNS   : -1.177

Type  : Slow Model Hold 'cronometro:C1|contador:M1|divF:DIV2|estado'
Slack : -1.167
TNS   : -1.167

Type  : Slow Model Hold 'cronometro:C1|contador:S2|divF:DIV2|estado'
Slack : -1.167
TNS   : -1.167

Type  : Slow Model Hold 'alarme:A1|contador:H2|divF:DIV1|estado'
Slack : -1.163
TNS   : -1.163

Type  : Slow Model Hold 'EscolhaModo[0]'
Slack : -1.152
TNS   : -1.152

Type  : Slow Model Hold 'horario:H1|contador:S1|divF:DIV1|estado'
Slack : -1.151
TNS   : -1.151

Type  : Slow Model Hold 'cronometro:C1|contador:S2|divF:DIV1|estado'
Slack : -1.148
TNS   : -1.148

Type  : Slow Model Hold 'horario:H1|contador:M1|divF:DIV3|estado'
Slack : -1.147
TNS   : -1.147

Type  : Slow Model Hold 'horario:H1|contador:H2|divF:DIV2|estado'
Slack : -1.140
TNS   : -1.140

Type  : Slow Model Hold 'alarme:A1|contador:M1|divF:DIV2|estado'
Slack : -1.125
TNS   : -1.125

Type  : Slow Model Hold 'horario:H1|contador:H1|divF:DIV1|estado'
Slack : -1.120
TNS   : -1.120

Type  : Slow Model Hold 'cronometro:C1|contador:MS1|divF:DIV1|estado'
Slack : -1.119
TNS   : -1.119

Type  : Slow Model Hold 'horario:H1|contador:M2|divF:DIV1|estado'
Slack : -1.114
TNS   : -1.114

Type  : Slow Model Hold 'cronometro:C1|contador:M2|divF:DIV2|estado'
Slack : -1.111
TNS   : -1.111

Type  : Slow Model Hold 'alarme:A1|contador:H1|divF:DIV3|estado'
Slack : -1.110
TNS   : -1.110

Type  : Slow Model Hold 'cronometro:C1|contador:MS2|divF:DIV2|estado'
Slack : -1.108
TNS   : -1.108

Type  : Slow Model Hold 'cronometro:C1|contador:M1|divF:DIV1|estado'
Slack : -1.104
TNS   : -1.104

Type  : Slow Model Hold 'cronometro:C1|contador:MS1|divF:DIV2|estado'
Slack : -1.104
TNS   : -1.104

Type  : Slow Model Hold 'horario:H1|contador:M2|divF:DIV2|estado'
Slack : -0.940
TNS   : -0.940

Type  : Slow Model Hold 'cronometro:C1|contador:M2|divF:DIV1|estado'
Slack : -0.911
TNS   : -0.911

Type  : Slow Model Hold 'cronometro:C1|contador:MS2|divF:DIV1|estado'
Slack : -0.905
TNS   : -0.905

Type  : Slow Model Hold 'cronometro:C1|contador:S1|divF:DIV2|estado'
Slack : -0.893
TNS   : -0.893

Type  : Slow Model Hold 'cronometro:C1|contador:MS1|divF:DIV3|estado'
Slack : -0.891
TNS   : -0.891

Type  : Slow Model Hold 'horario:H1|contador:H1|divF:DIV3|estado'
Slack : -0.888
TNS   : -0.888

Type  : Slow Model Hold 'horario:H1|contador:M1|divF:DIV1|estado'
Slack : -0.702
TNS   : -0.702

Type  : Slow Model Hold 'cronometro:C1|contador:S1|divF:DIV3|estado'
Slack : -0.698
TNS   : -0.698

Type  : Slow Model Hold 'horario:H1|contador:S1|divF:DIV3|estado'
Slack : -0.691
TNS   : -0.691

Type  : Slow Model Hold 'alarme:A1|contador:H2|divF:DIV2|estado'
Slack : -0.690
TNS   : -0.690

Type  : Slow Model Hold 'horario:H1|contador:S2|divF:DIV3|estado'
Slack : 0.240
TNS   : 0.000

Type  : Slow Model Hold 'alarme:A1|contador:H2|divF:DIV3|estado'
Slack : 0.391
TNS   : 0.000

Type  : Slow Model Hold 'alarme:A1|contador:M2|divF:DIV3|estado'
Slack : 0.391
TNS   : 0.000

Type  : Slow Model Hold 'cronometro:C1|contador:M2|divF:DIV3|estado'
Slack : 0.391
TNS   : 0.000

Type  : Slow Model Hold 'horario:H1|contador:H2|divF:DIV3|estado'
Slack : 0.391
TNS   : 0.000

Type  : Slow Model Hold 'horario:H1|contador:M2|divF:DIV3|estado'
Slack : 0.391
TNS   : 0.000

Type  : Slow Model Recovery 'horario:H1|contador:M1|divF:DIV1|estado'
Slack : -4.316
TNS   : -4.316

Type  : Slow Model Recovery 'cronometro:C1|contador:S1|divF:DIV3|estado'
Slack : -4.300
TNS   : -4.300

Type  : Slow Model Recovery 'horario:H1|contador:S1|divF:DIV3|estado'
Slack : -4.243
TNS   : -4.243

Type  : Slow Model Recovery 'horario:H1|contador:M2|divF:DIV2|estado'
Slack : -4.179
TNS   : -4.179

Type  : Slow Model Recovery 'alarme:A1|contador:M1|divF:DIV2|estado'
Slack : -4.121
TNS   : -4.121

Type  : Slow Model Recovery 'cronometro:C1|contador:S1|divF:DIV2|estado'
Slack : -4.105
TNS   : -4.105

Type  : Slow Model Recovery 'alarme:A1|contador:M2|divF:DIV3|estado'
Slack : -4.073
TNS   : -4.073

Type  : Slow Model Recovery 'alarme:A1|contador:M2|divF:DIV1|estado'
Slack : -4.072
TNS   : -4.072

Type  : Slow Model Recovery 'alarme:A1|contador:H2|divF:DIV2|estado'
Slack : -4.003
TNS   : -4.003

Type  : Slow Model Recovery 'cronometro:C1|contador:MS2|divF:DIV1|estado'
Slack : -3.923
TNS   : -3.923

Type  : Slow Model Recovery 'horario:H1|contador:M2|divF:DIV3|estado'
Slack : -3.887
TNS   : -3.887

Type  : Slow Model Recovery 'alarme:A1|contador:M1|divF:DIV1|estado'
Slack : -3.867
TNS   : -3.867

Type  : Slow Model Recovery 'cronometro:C1|contador:MS1|divF:DIV1|estado'
Slack : -3.839
TNS   : -3.839

Type  : Slow Model Recovery 'cronometro:C1|contador:MS1|divF:DIV3|estado'
Slack : -3.806
TNS   : -3.806

Type  : Slow Model Recovery 'horario:H1|contador:S1|divF:DIV1|estado'
Slack : -3.795
TNS   : -3.795

Type  : Slow Model Recovery 'horario:H1|contador:H1|divF:DIV3|estado'
Slack : -3.794
TNS   : -3.794

Type  : Slow Model Recovery 'cronometro:C1|contador:S1|divF:DIV1|estado'
Slack : -3.792
TNS   : -3.792

Type  : Slow Model Recovery 'alarme:A1|contador:M1|divF:DIV3|estado'
Slack : -3.773
TNS   : -3.773

Type  : Slow Model Recovery 'cronometro:C1|contador:MS2|divF:DIV2|estado'
Slack : -3.770
TNS   : -3.770

Type  : Slow Model Recovery 'horario:H1|contador:S1|divF:DIV2|estado'
Slack : -3.757
TNS   : -3.757

Type  : Slow Model Recovery 'alarme:A1|contador:M2|divF:DIV2|estado'
Slack : -3.738
TNS   : -3.738

Type  : Slow Model Recovery 'cronometro:C1|contador:MS2|divF:DIV3|estado'
Slack : -3.718
TNS   : -3.718

Type  : Slow Model Recovery 'horario:H1|contador:M2|divF:DIV1|estado'
Slack : -3.695
TNS   : -3.695

Type  : Slow Model Recovery 'horario:H1|contador:S2|divF:DIV1|estado'
Slack : -3.689
TNS   : -3.689

Type  : Slow Model Recovery 'cronometro:C1|contador:M2|divF:DIV1|estado'
Slack : -3.684
TNS   : -3.684

Type  : Slow Model Recovery 'alarme:A1|contador:H1|divF:DIV3|estado'
Slack : -3.627
TNS   : -3.627

Type  : Slow Model Recovery 'horario:H1|contador:S2|divF:DIV3|estado'
Slack : -3.618
TNS   : -3.618

Type  : Slow Model Recovery 'horario:H1|contador:S2|divF:DIV2|estado'
Slack : -3.595
TNS   : -3.595

Type  : Slow Model Recovery 'alarme:A1|contador:H1|divF:DIV1|estado'
Slack : -3.578
TNS   : -3.578

Type  : Slow Model Recovery 'horario:H1|contador:M1|divF:DIV2|estado'
Slack : -3.578
TNS   : -3.578

Type  : Slow Model Recovery 'horario:H1|contador:M1|divF:DIV3|estado'
Slack : -3.569
TNS   : -3.569

Type  : Slow Model Recovery 'alarme:A1|contador:H1|divF:DIV2|estado'
Slack : -3.543
TNS   : -3.543

Type  : Slow Model Recovery 'alarme:A1|contador:H2|divF:DIV1|estado'
Slack : -3.530
TNS   : -3.530

Type  : Slow Model Recovery 'horario:H1|contador:H2|divF:DIV3|estado'
Slack : -3.512
TNS   : -3.512

Type  : Slow Model Recovery 'horario:H1|contador:H1|divF:DIV2|estado'
Slack : -3.505
TNS   : -3.505

Type  : Slow Model Recovery 'cronometro:C1|contador:M2|divF:DIV2|estado'
Slack : -3.504
TNS   : -3.504

Type  : Slow Model Recovery 'horario:H1|contador:H2|divF:DIV2|estado'
Slack : -3.491
TNS   : -3.491

Type  : Slow Model Recovery 'horario:H1|divF:DIV1|estado'
Slack : -3.476
TNS   : -3.476

Type  : Slow Model Recovery 'cronometro:C1|contador:M2|divF:DIV3|estado'
Slack : -3.474
TNS   : -3.474

Type  : Slow Model Recovery 'cronometro:C1|contador:MS1|divF:DIV2|estado'
Slack : -3.425
TNS   : -3.425

Type  : Slow Model Recovery 'cronometro:C1|contador:M1|divF:DIV2|estado'
Slack : -3.374
TNS   : -3.374

Type  : Slow Model Recovery 'cronometro:C1|contador:M1|divF:DIV3|estado'
Slack : -3.359
TNS   : -3.359

Type  : Slow Model Recovery 'horario:H1|contador:H1|divF:DIV1|estado'
Slack : -3.292
TNS   : -3.292

Type  : Slow Model Recovery 'alarme:A1|contador:H2|divF:DIV3|estado'
Slack : -3.220
TNS   : -3.220

Type  : Slow Model Recovery 'horario:H1|contador:H2|divF:DIV1|estado'
Slack : -3.190
TNS   : -3.190

Type  : Slow Model Recovery 'cronometro:C1|contador:M1|divF:DIV1|estado'
Slack : -3.125
TNS   : -3.125

Type  : Slow Model Recovery 'cronometro:C1|contador:S2|divF:DIV1|estado'
Slack : -3.115
TNS   : -3.115

Type  : Slow Model Recovery 'cronometro:C1|contador:S2|divF:DIV2|estado'
Slack : -3.096
TNS   : -3.096

Type  : Slow Model Recovery 'horario:H1|clockM'
Slack : -1.970
TNS   : -1.970

Type  : Slow Model Recovery 'alarme:A1|contador:M1|divF:DIV4|estado'
Slack : -1.869
TNS   : -1.869

Type  : Slow Model Recovery 'cronometro:C1|divF:DIV1|estado'
Slack : -1.715
TNS   : -1.715

Type  : Slow Model Recovery 'cronometro:C1|contador:S2|divF:DIV3|estado'
Slack : -1.586
TNS   : -2.863

Type  : Slow Model Recovery 'horario:H1|contador:M1|divF:DIV4|estado'
Slack : -1.582
TNS   : -1.582

Type  : Slow Model Recovery 'alarme:A1|contador:H1|divF:DIV4|estado'
Slack : -1.558
TNS   : -1.558

Type  : Slow Model Recovery 'cronometro:C1|contador:M1|divF:DIV4|estado'
Slack : -1.343
TNS   : -1.343

Type  : Slow Model Recovery 'alarme:A1|clockM'
Slack : -1.335
TNS   : -1.335

Type  : Slow Model Recovery 'horario:H1|clockH'
Slack : -1.313
TNS   : -1.313

Type  : Slow Model Recovery 'horario:H1|contador:S1|divF:DIV4|estado'
Slack : -1.302
TNS   : -1.302

Type  : Slow Model Recovery 'cronometro:C1|contador:MS2|divF:DIV4|estado'
Slack : -1.297
TNS   : -1.297

Type  : Slow Model Recovery 'cronometro:C1|contador:MS1|divF:DIV4|estado'
Slack : -1.232
TNS   : -1.232

Type  : Slow Model Recovery 'set'
Slack : -1.222
TNS   : -4.548

Type  : Slow Model Recovery 'horario:H1|contador:H1|divF:DIV4|estado'
Slack : -1.133
TNS   : -1.133

Type  : Slow Model Recovery 'cronometro:C1|contador:S1|divF:DIV4|estado'
Slack : -1.034
TNS   : -1.034

Type  : Slow Model Recovery 'alarme:A1|clockH'
Slack : -1.033
TNS   : -1.033

Type  : Slow Model Removal 'set'
Slack : -1.653
TNS   : -6.560

Type  : Slow Model Removal 'alarme:A1|clockM'
Slack : 1.010
TNS   : 0.000

Type  : Slow Model Removal 'horario:H1|contador:H1|divF:DIV4|estado'
Slack : 1.393
TNS   : 0.000

Type  : Slow Model Removal 'horario:H1|contador:S1|divF:DIV4|estado'
Slack : 1.435
TNS   : 0.000

Type  : Slow Model Removal 'alarme:A1|clockH'
Slack : 1.437
TNS   : 0.000

Type  : Slow Model Removal 'cronometro:C1|contador:S1|divF:DIV4|estado'
Slack : 1.437
TNS   : 0.000

Type  : Slow Model Removal 'horario:H1|clockH'
Slack : 1.766
TNS   : 0.000

Type  : Slow Model Removal 'horario:H1|contador:M1|divF:DIV4|estado'
Slack : 1.770
TNS   : 0.000

Type  : Slow Model Removal 'alarme:A1|contador:H1|divF:DIV4|estado'
Slack : 1.773
TNS   : 0.000

Type  : Slow Model Removal 'cronometro:C1|contador:MS1|divF:DIV4|estado'
Slack : 1.814
TNS   : 0.000

Type  : Slow Model Removal 'cronometro:C1|divF:DIV1|estado'
Slack : 1.918
TNS   : 0.000

Type  : Slow Model Removal 'cronometro:C1|contador:S2|divF:DIV3|estado'
Slack : 1.989
TNS   : 0.000

Type  : Slow Model Removal 'horario:H1|divF:DIV1|estado'
Slack : 1.990
TNS   : 0.000

Type  : Slow Model Removal 'cronometro:C1|contador:MS2|divF:DIV4|estado'
Slack : 2.000
TNS   : 0.000

Type  : Slow Model Removal 'alarme:A1|contador:M1|divF:DIV4|estado'
Slack : 2.002
TNS   : 0.000

Type  : Slow Model Removal 'cronometro:C1|contador:M1|divF:DIV4|estado'
Slack : 2.014
TNS   : 0.000

Type  : Slow Model Removal 'horario:H1|contador:S1|divF:DIV2|estado'
Slack : 2.271
TNS   : 0.000

Type  : Slow Model Removal 'horario:H1|contador:S1|divF:DIV1|estado'
Slack : 2.309
TNS   : 0.000

Type  : Slow Model Removal 'horario:H1|clockM'
Slack : 2.325
TNS   : 0.000

Type  : Slow Model Removal 'horario:H1|contador:S1|divF:DIV3|estado'
Slack : 2.757
TNS   : 0.000

Type  : Slow Model Removal 'alarme:A1|contador:H2|divF:DIV3|estado'
Slack : 3.435
TNS   : 0.000

Type  : Slow Model Removal 'alarme:A1|contador:M1|divF:DIV3|estado'
Slack : 3.448
TNS   : 0.000

Type  : Slow Model Removal 'horario:H1|contador:H2|divF:DIV1|estado'
Slack : 3.450
TNS   : 0.000

Type  : Slow Model Removal 'cronometro:C1|contador:S2|divF:DIV2|estado'
Slack : 3.499
TNS   : 0.000

Type  : Slow Model Removal 'cronometro:C1|contador:S2|divF:DIV1|estado'
Slack : 3.518
TNS   : 0.000

Type  : Slow Model Removal 'alarme:A1|contador:M1|divF:DIV1|estado'
Slack : 3.542
TNS   : 0.000

Type  : Slow Model Removal 'cronometro:C1|contador:MS1|divF:DIV2|estado'
Slack : 3.628
TNS   : 0.000

Type  : Slow Model Removal 'horario:H1|contador:S2|divF:DIV2|estado'
Slack : 3.728
TNS   : 0.000

Type  : Slow Model Removal 'alarme:A1|contador:H2|divF:DIV1|estado'
Slack : 3.745
TNS   : 0.000

Type  : Slow Model Removal 'horario:H1|contador:H1|divF:DIV1|estado'
Slack : 3.745
TNS   : 0.000

Type  : Slow Model Removal 'horario:H1|contador:H2|divF:DIV2|estado'
Slack : 3.751
TNS   : 0.000

Type  : Slow Model Removal 'horario:H1|contador:S2|divF:DIV3|estado'
Slack : 3.751
TNS   : 0.000

Type  : Slow Model Removal 'horario:H1|contador:H2|divF:DIV3|estado'
Slack : 3.772
TNS   : 0.000

Type  : Slow Model Removal 'alarme:A1|contador:M1|divF:DIV2|estado'
Slack : 3.796
TNS   : 0.000

Type  : Slow Model Removal 'horario:H1|contador:S2|divF:DIV1|estado'
Slack : 3.822
TNS   : 0.000

Type  : Slow Model Removal 'cronometro:C1|contador:M1|divF:DIV1|estado'
Slack : 3.858
TNS   : 0.000

Type  : Slow Model Removal 'alarme:A1|contador:M2|divF:DIV2|estado'
Slack : 3.871
TNS   : 0.000

Type  : Slow Model Removal 'horario:H1|contador:M2|divF:DIV1|estado'
Slack : 3.883
TNS   : 0.000

Type  : Slow Model Removal 'horario:H1|contador:M1|divF:DIV3|estado'
Slack : 3.924
TNS   : 0.000

Type  : Slow Model Removal 'horario:H1|contador:M1|divF:DIV2|estado'
Slack : 3.933
TNS   : 0.000

Type  : Slow Model Removal 'alarme:A1|contador:H1|divF:DIV2|estado'
Slack : 3.947
TNS   : 0.000

Type  : Slow Model Removal 'horario:H1|contador:H1|divF:DIV2|estado'
Slack : 3.958
TNS   : 0.000

Type  : Slow Model Removal 'alarme:A1|contador:H1|divF:DIV1|estado'
Slack : 3.982
TNS   : 0.000

Type  : Slow Model Removal 'cronometro:C1|contador:MS1|divF:DIV3|estado'
Slack : 4.009
TNS   : 0.000

Type  : Slow Model Removal 'alarme:A1|contador:H1|divF:DIV3|estado'
Slack : 4.031
TNS   : 0.000

Type  : Slow Model Removal 'cronometro:C1|contador:MS1|divF:DIV1|estado'
Slack : 4.042
TNS   : 0.000

Type  : Slow Model Removal 'horario:H1|contador:M2|divF:DIV3|estado'
Slack : 4.075
TNS   : 0.000

Type  : Slow Model Removal 'cronometro:C1|contador:M1|divF:DIV3|estado'
Slack : 4.092
TNS   : 0.000

Type  : Slow Model Removal 'cronometro:C1|contador:M1|divF:DIV2|estado'
Slack : 4.107
TNS   : 0.000

Type  : Slow Model Removal 'cronometro:C1|contador:M2|divF:DIV3|estado'
Slack : 4.145
TNS   : 0.000

Type  : Slow Model Removal 'cronometro:C1|contador:M2|divF:DIV2|estado'
Slack : 4.175
TNS   : 0.000

Type  : Slow Model Removal 'alarme:A1|contador:M2|divF:DIV1|estado'
Slack : 4.205
TNS   : 0.000

Type  : Slow Model Removal 'alarme:A1|contador:M2|divF:DIV3|estado'
Slack : 4.206
TNS   : 0.000

Type  : Slow Model Removal 'alarme:A1|contador:H2|divF:DIV2|estado'
Slack : 4.218
TNS   : 0.000

Type  : Slow Model Removal 'horario:H1|contador:H1|divF:DIV3|estado'
Slack : 4.247
TNS   : 0.000

Type  : Slow Model Removal 'cronometro:C1|contador:MS2|divF:DIV3|estado'
Slack : 4.300
TNS   : 0.000

Type  : Slow Model Removal 'cronometro:C1|contador:MS2|divF:DIV2|estado'
Slack : 4.352
TNS   : 0.000

Type  : Slow Model Removal 'cronometro:C1|contador:M2|divF:DIV1|estado'
Slack : 4.355
TNS   : 0.000

Type  : Slow Model Removal 'horario:H1|contador:M2|divF:DIV2|estado'
Slack : 4.367
TNS   : 0.000

Type  : Slow Model Removal 'cronometro:C1|contador:S1|divF:DIV1|estado'
Slack : 4.495
TNS   : 0.000

Type  : Slow Model Removal 'cronometro:C1|contador:MS2|divF:DIV1|estado'
Slack : 4.505
TNS   : 0.000

Type  : Slow Model Removal 'horario:H1|contador:M1|divF:DIV1|estado'
Slack : 4.671
TNS   : 0.000

Type  : Slow Model Removal 'cronometro:C1|contador:S1|divF:DIV2|estado'
Slack : 4.808
TNS   : 0.000

Type  : Slow Model Removal 'cronometro:C1|contador:S1|divF:DIV3|estado'
Slack : 5.003
TNS   : 0.000

Type  : Slow Model Minimum Pulse Width 'clock1'
Slack : -1.380
TNS   : -86.380

Type  : Slow Model Minimum Pulse Width 'set'
Slack : -1.222
TNS   : -5.222

Type  : Slow Model Minimum Pulse Width 'modo'
Slack : -1.222
TNS   : -3.222

Type  : Slow Model Minimum Pulse Width 'strt'
Slack : -1.222
TNS   : -2.222

Type  : Slow Model Minimum Pulse Width 'cronometro:C1|contador:S2|divF:DIV3|estado'
Slack : -0.500
TNS   : -56.000

Type  : Slow Model Minimum Pulse Width 'alarme:A1|clockH'
Slack : -0.500
TNS   : -29.000

Type  : Slow Model Minimum Pulse Width 'alarme:A1|clockM'
Slack : -0.500
TNS   : -29.000

Type  : Slow Model Minimum Pulse Width 'alarme:A1|contador:H1|divF:DIV4|estado'
Slack : -0.500
TNS   : -29.000

Type  : Slow Model Minimum Pulse Width 'alarme:A1|contador:M1|divF:DIV4|estado'
Slack : -0.500
TNS   : -29.000

Type  : Slow Model Minimum Pulse Width 'cronometro:C1|contador:M1|divF:DIV4|estado'
Slack : -0.500
TNS   : -29.000

Type  : Slow Model Minimum Pulse Width 'cronometro:C1|contador:MS1|divF:DIV4|estado'
Slack : -0.500
TNS   : -29.000

Type  : Slow Model Minimum Pulse Width 'cronometro:C1|contador:MS2|divF:DIV4|estado'
Slack : -0.500
TNS   : -29.000

Type  : Slow Model Minimum Pulse Width 'cronometro:C1|contador:S1|divF:DIV4|estado'
Slack : -0.500
TNS   : -29.000

Type  : Slow Model Minimum Pulse Width 'cronometro:C1|divF:DIV1|estado'
Slack : -0.500
TNS   : -29.000

Type  : Slow Model Minimum Pulse Width 'horario:H1|clockH'
Slack : -0.500
TNS   : -29.000

Type  : Slow Model Minimum Pulse Width 'horario:H1|clockM'
Slack : -0.500
TNS   : -29.000

Type  : Slow Model Minimum Pulse Width 'horario:H1|contador:H1|divF:DIV4|estado'
Slack : -0.500
TNS   : -29.000

Type  : Slow Model Minimum Pulse Width 'horario:H1|contador:M1|divF:DIV4|estado'
Slack : -0.500
TNS   : -29.000

Type  : Slow Model Minimum Pulse Width 'horario:H1|contador:S1|divF:DIV4|estado'
Slack : -0.500
TNS   : -29.000

Type  : Slow Model Minimum Pulse Width 'horario:H1|divF:DIV1|estado'
Slack : -0.500
TNS   : -29.000

Type  : Slow Model Minimum Pulse Width 'alarme:A1|contador:H1|divF:DIV1|estado'
Slack : -0.500
TNS   : -27.000

Type  : Slow Model Minimum Pulse Width 'alarme:A1|contador:H1|divF:DIV2|estado'
Slack : -0.500
TNS   : -27.000

Type  : Slow Model Minimum Pulse Width 'alarme:A1|contador:H1|divF:DIV3|estado'
Slack : -0.500
TNS   : -27.000

Type  : Slow Model Minimum Pulse Width 'alarme:A1|contador:H2|divF:DIV1|estado'
Slack : -0.500
TNS   : -27.000

Type  : Slow Model Minimum Pulse Width 'alarme:A1|contador:H2|divF:DIV2|estado'
Slack : -0.500
TNS   : -27.000

Type  : Slow Model Minimum Pulse Width 'alarme:A1|contador:H2|divF:DIV3|estado'
Slack : -0.500
TNS   : -27.000

Type  : Slow Model Minimum Pulse Width 'alarme:A1|contador:M1|divF:DIV1|estado'
Slack : -0.500
TNS   : -27.000

Type  : Slow Model Minimum Pulse Width 'alarme:A1|contador:M1|divF:DIV2|estado'
Slack : -0.500
TNS   : -27.000

Type  : Slow Model Minimum Pulse Width 'alarme:A1|contador:M1|divF:DIV3|estado'
Slack : -0.500
TNS   : -27.000

Type  : Slow Model Minimum Pulse Width 'alarme:A1|contador:M2|divF:DIV1|estado'
Slack : -0.500
TNS   : -27.000

Type  : Slow Model Minimum Pulse Width 'alarme:A1|contador:M2|divF:DIV2|estado'
Slack : -0.500
TNS   : -27.000

Type  : Slow Model Minimum Pulse Width 'alarme:A1|contador:M2|divF:DIV3|estado'
Slack : -0.500
TNS   : -27.000

Type  : Slow Model Minimum Pulse Width 'cronometro:C1|contador:M1|divF:DIV1|estado'
Slack : -0.500
TNS   : -27.000

Type  : Slow Model Minimum Pulse Width 'cronometro:C1|contador:M1|divF:DIV2|estado'
Slack : -0.500
TNS   : -27.000

Type  : Slow Model Minimum Pulse Width 'cronometro:C1|contador:M1|divF:DIV3|estado'
Slack : -0.500
TNS   : -27.000

Type  : Slow Model Minimum Pulse Width 'cronometro:C1|contador:M2|divF:DIV1|estado'
Slack : -0.500
TNS   : -27.000

Type  : Slow Model Minimum Pulse Width 'cronometro:C1|contador:M2|divF:DIV2|estado'
Slack : -0.500
TNS   : -27.000

Type  : Slow Model Minimum Pulse Width 'cronometro:C1|contador:M2|divF:DIV3|estado'
Slack : -0.500
TNS   : -27.000

Type  : Slow Model Minimum Pulse Width 'cronometro:C1|contador:MS1|divF:DIV1|estado'
Slack : -0.500
TNS   : -27.000

Type  : Slow Model Minimum Pulse Width 'cronometro:C1|contador:MS1|divF:DIV2|estado'
Slack : -0.500
TNS   : -27.000

Type  : Slow Model Minimum Pulse Width 'cronometro:C1|contador:MS1|divF:DIV3|estado'
Slack : -0.500
TNS   : -27.000

Type  : Slow Model Minimum Pulse Width 'cronometro:C1|contador:MS2|divF:DIV1|estado'
Slack : -0.500
TNS   : -27.000

Type  : Slow Model Minimum Pulse Width 'cronometro:C1|contador:MS2|divF:DIV2|estado'
Slack : -0.500
TNS   : -27.000

Type  : Slow Model Minimum Pulse Width 'cronometro:C1|contador:MS2|divF:DIV3|estado'
Slack : -0.500
TNS   : -27.000

Type  : Slow Model Minimum Pulse Width 'cronometro:C1|contador:S1|divF:DIV1|estado'
Slack : -0.500
TNS   : -27.000

Type  : Slow Model Minimum Pulse Width 'cronometro:C1|contador:S1|divF:DIV2|estado'
Slack : -0.500
TNS   : -27.000

Type  : Slow Model Minimum Pulse Width 'cronometro:C1|contador:S1|divF:DIV3|estado'
Slack : -0.500
TNS   : -27.000

Type  : Slow Model Minimum Pulse Width 'cronometro:C1|contador:S2|divF:DIV1|estado'
Slack : -0.500
TNS   : -27.000

Type  : Slow Model Minimum Pulse Width 'cronometro:C1|contador:S2|divF:DIV2|estado'
Slack : -0.500
TNS   : -27.000

Type  : Slow Model Minimum Pulse Width 'horario:H1|contador:H1|divF:DIV1|estado'
Slack : -0.500
TNS   : -27.000

Type  : Slow Model Minimum Pulse Width 'horario:H1|contador:H1|divF:DIV2|estado'
Slack : -0.500
TNS   : -27.000

Type  : Slow Model Minimum Pulse Width 'horario:H1|contador:H1|divF:DIV3|estado'
Slack : -0.500
TNS   : -27.000

Type  : Slow Model Minimum Pulse Width 'horario:H1|contador:H2|divF:DIV1|estado'
Slack : -0.500
TNS   : -27.000

Type  : Slow Model Minimum Pulse Width 'horario:H1|contador:H2|divF:DIV2|estado'
Slack : -0.500
TNS   : -27.000

Type  : Slow Model Minimum Pulse Width 'horario:H1|contador:H2|divF:DIV3|estado'
Slack : -0.500
TNS   : -27.000

Type  : Slow Model Minimum Pulse Width 'horario:H1|contador:M1|divF:DIV1|estado'
Slack : -0.500
TNS   : -27.000

Type  : Slow Model Minimum Pulse Width 'horario:H1|contador:M1|divF:DIV2|estado'
Slack : -0.500
TNS   : -27.000

Type  : Slow Model Minimum Pulse Width 'horario:H1|contador:M1|divF:DIV3|estado'
Slack : -0.500
TNS   : -27.000

Type  : Slow Model Minimum Pulse Width 'horario:H1|contador:M2|divF:DIV1|estado'
Slack : -0.500
TNS   : -27.000

Type  : Slow Model Minimum Pulse Width 'horario:H1|contador:M2|divF:DIV2|estado'
Slack : -0.500
TNS   : -27.000

Type  : Slow Model Minimum Pulse Width 'horario:H1|contador:M2|divF:DIV3|estado'
Slack : -0.500
TNS   : -27.000

Type  : Slow Model Minimum Pulse Width 'horario:H1|contador:S1|divF:DIV1|estado'
Slack : -0.500
TNS   : -27.000

Type  : Slow Model Minimum Pulse Width 'horario:H1|contador:S1|divF:DIV2|estado'
Slack : -0.500
TNS   : -27.000

Type  : Slow Model Minimum Pulse Width 'horario:H1|contador:S1|divF:DIV3|estado'
Slack : -0.500
TNS   : -27.000

Type  : Slow Model Minimum Pulse Width 'horario:H1|contador:S2|divF:DIV1|estado'
Slack : -0.500
TNS   : -27.000

Type  : Slow Model Minimum Pulse Width 'horario:H1|contador:S2|divF:DIV2|estado'
Slack : -0.500
TNS   : -27.000

Type  : Slow Model Minimum Pulse Width 'horario:H1|contador:S2|divF:DIV3|estado'
Slack : -0.500
TNS   : -27.000

Type  : Slow Model Minimum Pulse Width 'EscolhaModo[0]'
Slack : 0.500
TNS   : 0.000

Type  : Fast Model Setup 'horario:H1|contador:S2|divF:DIV3|estado'
Slack : -2.560
TNS   : -63.155

Type  : Fast Model Setup 'horario:H1|contador:S2|divF:DIV2|estado'
Slack : -2.517
TNS   : -65.179

Type  : Fast Model Setup 'alarme:A1|contador:H1|divF:DIV3|estado'
Slack : -2.400
TNS   : -61.826

Type  : Fast Model Setup 'horario:H1|contador:S2|divF:DIV1|estado'
Slack : -2.346
TNS   : -62.008

Type  : Fast Model Setup 'alarme:A1|contador:H2|divF:DIV2|estado'
Slack : -2.291
TNS   : -59.349

Type  : Fast Model Setup 'alarme:A1|contador:H1|divF:DIV2|estado'
Slack : -2.260
TNS   : -59.636

Type  : Fast Model Setup 'alarme:A1|contador:M1|divF:DIV3|estado'
Slack : -2.256
TNS   : -59.960

Type  : Fast Model Setup 'alarme:A1|contador:H1|divF:DIV1|estado'
Slack : -2.251
TNS   : -58.631

Type  : Fast Model Setup 'horario:H1|contador:H1|divF:DIV3|estado'
Slack : -2.246
TNS   : -58.750

Type  : Fast Model Setup 'alarme:A1|contador:M1|divF:DIV2|estado'
Slack : -2.236
TNS   : -59.360

Type  : Fast Model Setup 'alarme:A1|contador:M2|divF:DIV1|estado'
Slack : -2.234
TNS   : -57.995

Type  : Fast Model Setup 'cronometro:C1|contador:MS1|divF:DIV1|estado'
Slack : -2.222
TNS   : -59.255

Type  : Fast Model Setup 'horario:H1|contador:H1|divF:DIV2|estado'
Slack : -2.196
TNS   : -57.622

Type  : Fast Model Setup 'horario:H1|contador:H1|divF:DIV1|estado'
Slack : -2.154
TNS   : -54.468

Type  : Fast Model Setup 'alarme:A1|contador:H2|divF:DIV3|estado'
Slack : -2.152
TNS   : -57.137

Type  : Fast Model Setup 'horario:H1|contador:M2|divF:DIV2|estado'
Slack : -2.148
TNS   : -53.195

Type  : Fast Model Setup 'horario:H1|contador:H2|divF:DIV3|estado'
Slack : -2.141
TNS   : -55.766

Type  : Fast Model Setup 'horario:H1|contador:S1|divF:DIV1|estado'
Slack : -2.139
TNS   : -56.824

Type  : Fast Model Setup 'horario:H1|contador:S1|divF:DIV3|estado'
Slack : -2.135
TNS   : -56.328

Type  : Fast Model Setup 'alarme:A1|contador:M2|divF:DIV2|estado'
Slack : -2.132
TNS   : -54.715

Type  : Fast Model Setup 'alarme:A1|contador:M1|divF:DIV1|estado'
Slack : -2.130
TNS   : -56.365

Type  : Fast Model Setup 'horario:H1|contador:M1|divF:DIV2|estado'
Slack : -2.129
TNS   : -56.120

Type  : Fast Model Setup 'alarme:A1|contador:H2|divF:DIV1|estado'
Slack : -2.126
TNS   : -55.881

Type  : Fast Model Setup 'cronometro:C1|contador:MS1|divF:DIV2|estado'
Slack : -2.122
TNS   : -55.199

Type  : Fast Model Setup 'horario:H1|divF:DIV1|estado'
Slack : -2.116
TNS   : -54.535

Type  : Fast Model Setup 'alarme:A1|contador:M2|divF:DIV3|estado'
Slack : -2.101
TNS   : -54.682

Type  : Fast Model Setup 'horario:H1|contador:M2|divF:DIV1|estado'
Slack : -2.099
TNS   : -55.107

Type  : Fast Model Setup 'cronometro:C1|contador:MS1|divF:DIV3|estado'
Slack : -2.094
TNS   : -53.801

Type  : Fast Model Setup 'horario:H1|contador:S1|divF:DIV2|estado'
Slack : -2.090
TNS   : -53.953

Type  : Fast Model Setup 'horario:H1|contador:M1|divF:DIV3|estado'
Slack : -2.089
TNS   : -54.010

Type  : Fast Model Setup 'horario:H1|contador:M2|divF:DIV3|estado'
Slack : -2.060
TNS   : -54.543

Type  : Fast Model Setup 'horario:H1|contador:H2|divF:DIV1|estado'
Slack : -2.006
TNS   : -53.628

Type  : Fast Model Setup 'cronometro:C1|contador:S1|divF:DIV3|estado'
Slack : -1.994
TNS   : -50.628

Type  : Fast Model Setup 'horario:H1|contador:M1|divF:DIV1|estado'
Slack : -1.956
TNS   : -51.979

Type  : Fast Model Setup 'cronometro:C1|contador:S1|divF:DIV2|estado'
Slack : -1.888
TNS   : -48.995

Type  : Fast Model Setup 'cronometro:C1|contador:MS2|divF:DIV1|estado'
Slack : -1.885
TNS   : -48.565

Type  : Fast Model Setup 'horario:H1|contador:H2|divF:DIV2|estado'
Slack : -1.871
TNS   : -47.620

Type  : Fast Model Setup 'cronometro:C1|contador:S1|divF:DIV1|estado'
Slack : -1.854
TNS   : -47.008

Type  : Fast Model Setup 'cronometro:C1|contador:MS2|divF:DIV3|estado'
Slack : -1.828
TNS   : -44.809

Type  : Fast Model Setup 'cronometro:C1|contador:M2|divF:DIV1|estado'
Slack : -1.733
TNS   : -44.245

Type  : Fast Model Setup 'cronometro:C1|contador:MS2|divF:DIV2|estado'
Slack : -1.704
TNS   : -44.613

Type  : Fast Model Setup 'cronometro:C1|contador:M2|divF:DIV3|estado'
Slack : -1.687
TNS   : -42.542

Type  : Fast Model Setup 'cronometro:C1|contador:M2|divF:DIV2|estado'
Slack : -1.686
TNS   : -40.971

Type  : Fast Model Setup 'cronometro:C1|contador:S2|divF:DIV2|estado'
Slack : -1.650
TNS   : -42.622

Type  : Fast Model Setup 'cronometro:C1|contador:M1|divF:DIV1|estado'
Slack : -1.629
TNS   : -41.101

Type  : Fast Model Setup 'cronometro:C1|contador:S2|divF:DIV1|estado'
Slack : -1.605
TNS   : -41.322

Type  : Fast Model Setup 'cronometro:C1|contador:M1|divF:DIV3|estado'
Slack : -1.583
TNS   : -40.651

Type  : Fast Model Setup 'cronometro:C1|contador:M1|divF:DIV2|estado'
Slack : -1.524
TNS   : -39.743

Type  : Fast Model Setup 'EscolhaModo[0]'
Slack : -1.498
TNS   : -7.226

Type  : Fast Model Setup 'horario:H1|contador:S1|divF:DIV4|estado'
Slack : -1.230
TNS   : -31.061

Type  : Fast Model Setup 'alarme:A1|contador:H1|divF:DIV4|estado'
Slack : -1.062
TNS   : -28.415

Type  : Fast Model Setup 'clock1'
Slack : -1.059
TNS   : -32.298

Type  : Fast Model Setup 'alarme:A1|clockH'
Slack : -0.978
TNS   : -26.006

Type  : Fast Model Setup 'cronometro:C1|divF:DIV1|estado'
Slack : -0.974
TNS   : -25.966

Type  : Fast Model Setup 'horario:H1|clockH'
Slack : -0.959
TNS   : -24.939

Type  : Fast Model Setup 'horario:H1|clockM'
Slack : -0.943
TNS   : -25.068

Type  : Fast Model Setup 'alarme:A1|contador:M1|divF:DIV4|estado'
Slack : -0.925
TNS   : -19.779

Type  : Fast Model Setup 'alarme:A1|clockM'
Slack : -0.913
TNS   : -22.193

Type  : Fast Model Setup 'cronometro:C1|contador:MS2|divF:DIV4|estado'
Slack : -0.877
TNS   : -15.349

Type  : Fast Model Setup 'horario:H1|contador:H1|divF:DIV4|estado'
Slack : -0.865
TNS   : -22.714

Type  : Fast Model Setup 'cronometro:C1|contador:S2|divF:DIV3|estado'
Slack : -0.832
TNS   : -28.473

Type  : Fast Model Setup 'horario:H1|contador:M1|divF:DIV4|estado'
Slack : -0.794
TNS   : -21.346

Type  : Fast Model Setup 'cronometro:C1|contador:MS1|divF:DIV4|estado'
Slack : -0.638
TNS   : -12.497

Type  : Fast Model Setup 'cronometro:C1|contador:S1|divF:DIV4|estado'
Slack : -0.632
TNS   : -13.710

Type  : Fast Model Setup 'cronometro:C1|contador:M1|divF:DIV4|estado'
Slack : -0.629
TNS   : -13.712

Type  : Fast Model Setup 'strt'
Slack : -0.097
TNS   : -0.097

Type  : Fast Model Setup 'set'
Slack : 0.011
TNS   : 0.000

Type  : Fast Model Setup 'modo'
Slack : 0.164
TNS   : 0.000

Type  : Fast Model Hold 'cronometro:C1|contador:MS2|divF:DIV4|estado'
Slack : -1.956
TNS   : -3.431

Type  : Fast Model Hold 'alarme:A1|clockM'
Slack : -1.928
TNS   : -17.764

Type  : Fast Model Hold 'cronometro:C1|contador:MS1|divF:DIV4|estado'
Slack : -1.928
TNS   : -3.224

Type  : Fast Model Hold 'alarme:A1|contador:M1|divF:DIV4|estado'
Slack : -1.913
TNS   : -13.970

Type  : Fast Model Hold 'horario:H1|contador:S1|divF:DIV4|estado'
Slack : -1.896
TNS   : -32.189

Type  : Fast Model Hold 'horario:H1|contador:M1|divF:DIV4|estado'
Slack : -1.874
TNS   : -27.020

Type  : Fast Model Hold 'alarme:A1|clockH'
Slack : -1.868
TNS   : -29.360

Type  : Fast Model Hold 'horario:H1|clockM'
Slack : -1.805
TNS   : -23.859

Type  : Fast Model Hold 'horario:H1|contador:H1|divF:DIV4|estado'
Slack : -1.794
TNS   : -16.513

Type  : Fast Model Hold 'horario:H1|clockH'
Slack : -1.790
TNS   : -6.728

Type  : Fast Model Hold 'cronometro:C1|contador:S1|divF:DIV4|estado'
Slack : -1.767
TNS   : -3.064

Type  : Fast Model Hold 'cronometro:C1|contador:M1|divF:DIV4|estado'
Slack : -1.763
TNS   : -3.162

Type  : Fast Model Hold 'cronometro:C1|divF:DIV1|estado'
Slack : -1.745
TNS   : -7.940

Type  : Fast Model Hold 'alarme:A1|contador:H1|divF:DIV4|estado'
Slack : -1.740
TNS   : -26.759

Type  : Fast Model Hold 'cronometro:C1|contador:S2|divF:DIV3|estado'
Slack : -1.729
TNS   : -2.963

Type  : Fast Model Hold 'clock1'
Slack : -1.588
TNS   : -5.967

Type  : Fast Model Hold 'modo'
Slack : -1.430
TNS   : -2.660

Type  : Fast Model Hold 'set'
Slack : -1.077
TNS   : -3.261

Type  : Fast Model Hold 'strt'
Slack : -0.831
TNS   : -0.831

Type  : Fast Model Hold 'horario:H1|divF:DIV1|estado'
Slack : -0.765
TNS   : -1.111

Type  : Fast Model Hold 'horario:H1|contador:H2|divF:DIV1|estado'
Slack : -0.742
TNS   : -0.742

Type  : Fast Model Hold 'alarme:A1|contador:M1|divF:DIV1|estado'
Slack : -0.741
TNS   : -0.741

Type  : Fast Model Hold 'horario:H1|contador:M1|divF:DIV2|estado'
Slack : -0.725
TNS   : -0.725

Type  : Fast Model Hold 'horario:H1|contador:S2|divF:DIV1|estado'
Slack : -0.699
TNS   : -0.699

Type  : Fast Model Hold 'alarme:A1|contador:H1|divF:DIV2|estado'
Slack : -0.636
TNS   : -0.636

Type  : Fast Model Hold 'cronometro:C1|contador:S1|divF:DIV1|estado'
Slack : -0.635
TNS   : -0.635

Type  : Fast Model Hold 'alarme:A1|contador:M2|divF:DIV1|estado'
Slack : -0.633
TNS   : -0.633

Type  : Fast Model Hold 'cronometro:C1|contador:M1|divF:DIV3|estado'
Slack : -0.632
TNS   : -0.632

Type  : Fast Model Hold 'horario:H1|contador:S2|divF:DIV2|estado'
Slack : -0.630
TNS   : -0.630

Type  : Fast Model Hold 'alarme:A1|contador:H2|divF:DIV1|estado'
Slack : -0.628
TNS   : -0.628

Type  : Fast Model Hold 'alarme:A1|contador:M1|divF:DIV3|estado'
Slack : -0.626
TNS   : -0.626

Type  : Fast Model Hold 'cronometro:C1|contador:MS2|divF:DIV3|estado'
Slack : -0.625
TNS   : -0.625

Type  : Fast Model Hold 'alarme:A1|contador:M2|divF:DIV2|estado'
Slack : -0.622
TNS   : -0.622

Type  : Fast Model Hold 'cronometro:C1|contador:S2|divF:DIV1|estado'
Slack : -0.622
TNS   : -0.622

Type  : Fast Model Hold 'horario:H1|contador:S1|divF:DIV2|estado'
Slack : -0.622
TNS   : -0.622

Type  : Fast Model Hold 'horario:H1|contador:H1|divF:DIV2|estado'
Slack : -0.619
TNS   : -0.619

Type  : Fast Model Hold 'alarme:A1|contador:H1|divF:DIV1|estado'
Slack : -0.616
TNS   : -0.616

Type  : Fast Model Hold 'horario:H1|contador:M1|divF:DIV3|estado'
Slack : -0.613
TNS   : -0.613

Type  : Fast Model Hold 'cronometro:C1|contador:M1|divF:DIV2|estado'
Slack : -0.611
TNS   : -0.611

Type  : Fast Model Hold 'cronometro:C1|contador:S2|divF:DIV2|estado'
Slack : -0.611
TNS   : -0.611

Type  : Fast Model Hold 'horario:H1|contador:H2|divF:DIV2|estado'
Slack : -0.602
TNS   : -0.602

Type  : Fast Model Hold 'horario:H1|contador:S1|divF:DIV1|estado'
Slack : -0.601
TNS   : -0.601

Type  : Fast Model Hold 'alarme:A1|contador:M1|divF:DIV2|estado'
Slack : -0.600
TNS   : -0.600

Type  : Fast Model Hold 'horario:H1|contador:H1|divF:DIV1|estado'
Slack : -0.591
TNS   : -0.591

Type  : Fast Model Hold 'cronometro:C1|contador:MS1|divF:DIV1|estado'
Slack : -0.589
TNS   : -0.589

Type  : Fast Model Hold 'alarme:A1|contador:H1|divF:DIV3|estado'
Slack : -0.588
TNS   : -0.588

Type  : Fast Model Hold 'cronometro:C1|contador:M2|divF:DIV2|estado'
Slack : -0.588
TNS   : -0.588

Type  : Fast Model Hold 'horario:H1|contador:M2|divF:DIV1|estado'
Slack : -0.586
TNS   : -0.586

Type  : Fast Model Hold 'cronometro:C1|contador:MS2|divF:DIV2|estado'
Slack : -0.584
TNS   : -0.584

Type  : Fast Model Hold 'cronometro:C1|contador:M1|divF:DIV1|estado'
Slack : -0.582
TNS   : -0.582

Type  : Fast Model Hold 'cronometro:C1|contador:MS1|divF:DIV2|estado'
Slack : -0.582
TNS   : -0.582

Type  : Fast Model Hold 'EscolhaModo[0]'
Slack : -0.552
TNS   : -0.552

Type  : Fast Model Hold 'horario:H1|contador:M2|divF:DIV2|estado'
Slack : -0.521
TNS   : -0.521

Type  : Fast Model Hold 'cronometro:C1|contador:M2|divF:DIV1|estado'
Slack : -0.497
TNS   : -0.497

Type  : Fast Model Hold 'cronometro:C1|contador:MS2|divF:DIV1|estado'
Slack : -0.496
TNS   : -0.496

Type  : Fast Model Hold 'cronometro:C1|contador:S1|divF:DIV2|estado'
Slack : -0.491
TNS   : -0.491

Type  : Fast Model Hold 'cronometro:C1|contador:MS1|divF:DIV3|estado'
Slack : -0.488
TNS   : -0.488

Type  : Fast Model Hold 'horario:H1|contador:H1|divF:DIV3|estado'
Slack : -0.487
TNS   : -0.487

Type  : Fast Model Hold 'cronometro:C1|contador:S1|divF:DIV3|estado'
Slack : -0.402
TNS   : -0.402

Type  : Fast Model Hold 'horario:H1|contador:M1|divF:DIV1|estado'
Slack : -0.402
TNS   : -0.402

Type  : Fast Model Hold 'horario:H1|contador:S1|divF:DIV3|estado'
Slack : -0.398
TNS   : -0.398

Type  : Fast Model Hold 'alarme:A1|contador:H2|divF:DIV2|estado'
Slack : -0.397
TNS   : -0.397

Type  : Fast Model Hold 'horario:H1|contador:S2|divF:DIV3|estado'
Slack : -0.029
TNS   : -0.029

Type  : Fast Model Hold 'horario:H1|contador:M2|divF:DIV3|estado'
Slack : 0.064
TNS   : 0.000

Type  : Fast Model Hold 'alarme:A1|contador:H2|divF:DIV3|estado'
Slack : 0.171
TNS   : 0.000

Type  : Fast Model Hold 'alarme:A1|contador:M2|divF:DIV3|estado'
Slack : 0.215
TNS   : 0.000

Type  : Fast Model Hold 'cronometro:C1|contador:M2|divF:DIV3|estado'
Slack : 0.215
TNS   : 0.000

Type  : Fast Model Hold 'horario:H1|contador:H2|divF:DIV3|estado'
Slack : 0.215
TNS   : 0.000

Type  : Fast Model Recovery 'cronometro:C1|contador:S1|divF:DIV3|estado'
Slack : -2.144
TNS   : -2.144

Type  : Fast Model Recovery 'horario:H1|contador:M1|divF:DIV1|estado'
Slack : -2.118
TNS   : -2.118

Type  : Fast Model Recovery 'horario:H1|contador:S1|divF:DIV3|estado'
Slack : -2.092
TNS   : -2.092

Type  : Fast Model Recovery 'alarme:A1|contador:M1|divF:DIV2|estado'
Slack : -2.060
TNS   : -2.060

Type  : Fast Model Recovery 'cronometro:C1|contador:S1|divF:DIV2|estado'
Slack : -2.055
TNS   : -2.055

Type  : Fast Model Recovery 'alarme:A1|contador:M2|divF:DIV3|estado'
Slack : -1.996
TNS   : -1.996

Type  : Fast Model Recovery 'alarme:A1|contador:M2|divF:DIV1|estado'
Slack : -1.989
TNS   : -1.989

Type  : Fast Model Recovery 'cronometro:C1|contador:MS2|divF:DIV1|estado'
Slack : -1.969
TNS   : -1.969

Type  : Fast Model Recovery 'alarme:A1|contador:M1|divF:DIV1|estado'
Slack : -1.952
TNS   : -1.952

Type  : Fast Model Recovery 'horario:H1|contador:M2|divF:DIV2|estado'
Slack : -1.920
TNS   : -1.920

Type  : Fast Model Recovery 'alarme:A1|contador:H2|divF:DIV2|estado'
Slack : -1.904
TNS   : -1.904

Type  : Fast Model Recovery 'cronometro:C1|contador:MS2|divF:DIV2|estado'
Slack : -1.904
TNS   : -1.904

Type  : Fast Model Recovery 'cronometro:C1|contador:S1|divF:DIV1|estado'
Slack : -1.904
TNS   : -1.904

Type  : Fast Model Recovery 'horario:H1|contador:S1|divF:DIV1|estado'
Slack : -1.903
TNS   : -1.903

Type  : Fast Model Recovery 'alarme:A1|contador:M1|divF:DIV3|estado'
Slack : -1.898
TNS   : -1.898

Type  : Fast Model Recovery 'cronometro:C1|contador:MS1|divF:DIV1|estado'
Slack : -1.883
TNS   : -1.883

Type  : Fast Model Recovery 'cronometro:C1|contador:MS1|divF:DIV3|estado'
Slack : -1.875
TNS   : -1.875

Type  : Fast Model Recovery 'cronometro:C1|contador:MS2|divF:DIV3|estado'
Slack : -1.873
TNS   : -1.873

Type  : Fast Model Recovery 'horario:H1|contador:H1|divF:DIV3|estado'
Slack : -1.870
TNS   : -1.870

Type  : Fast Model Recovery 'horario:H1|contador:S2|divF:DIV1|estado'
Slack : -1.870
TNS   : -1.870

Type  : Fast Model Recovery 'horario:H1|contador:S1|divF:DIV2|estado'
Slack : -1.868
TNS   : -1.868

Type  : Fast Model Recovery 'horario:H1|contador:S2|divF:DIV3|estado'
Slack : -1.855
TNS   : -1.855

Type  : Fast Model Recovery 'horario:H1|contador:S2|divF:DIV2|estado'
Slack : -1.848
TNS   : -1.848

Type  : Fast Model Recovery 'alarme:A1|contador:H1|divF:DIV3|estado'
Slack : -1.847
TNS   : -1.847

Type  : Fast Model Recovery 'alarme:A1|contador:M2|divF:DIV2|estado'
Slack : -1.847
TNS   : -1.847

Type  : Fast Model Recovery 'alarme:A1|contador:H1|divF:DIV1|estado'
Slack : -1.827
TNS   : -1.827

Type  : Fast Model Recovery 'cronometro:C1|contador:M2|divF:DIV1|estado'
Slack : -1.808
TNS   : -1.808

Type  : Fast Model Recovery 'alarme:A1|contador:H1|divF:DIV2|estado'
Slack : -1.798
TNS   : -1.798

Type  : Fast Model Recovery 'horario:H1|contador:M2|divF:DIV3|estado'
Slack : -1.792
TNS   : -1.792

Type  : Fast Model Recovery 'horario:H1|contador:H2|divF:DIV3|estado'
Slack : -1.779
TNS   : -1.779

Type  : Fast Model Recovery 'horario:H1|contador:M1|divF:DIV2|estado'
Slack : -1.770
TNS   : -1.770

Type  : Fast Model Recovery 'horario:H1|contador:H2|divF:DIV2|estado'
Slack : -1.766
TNS   : -1.766

Type  : Fast Model Recovery 'horario:H1|contador:M1|divF:DIV3|estado'
Slack : -1.762
TNS   : -1.762

Type  : Fast Model Recovery 'horario:H1|divF:DIV1|estado'
Slack : -1.744
TNS   : -1.744

Type  : Fast Model Recovery 'horario:H1|contador:H1|divF:DIV2|estado'
Slack : -1.738
TNS   : -1.738

Type  : Fast Model Recovery 'cronometro:C1|contador:M2|divF:DIV2|estado'
Slack : -1.730
TNS   : -1.730

Type  : Fast Model Recovery 'horario:H1|contador:M2|divF:DIV1|estado'
Slack : -1.715
TNS   : -1.715

Type  : Fast Model Recovery 'cronometro:C1|contador:M2|divF:DIV3|estado'
Slack : -1.712
TNS   : -1.712

Type  : Fast Model Recovery 'cronometro:C1|contador:MS1|divF:DIV2|estado'
Slack : -1.698
TNS   : -1.698

Type  : Fast Model Recovery 'cronometro:C1|contador:M1|divF:DIV2|estado'
Slack : -1.693
TNS   : -1.693

Type  : Fast Model Recovery 'cronometro:C1|contador:M1|divF:DIV3|estado'
Slack : -1.679
TNS   : -1.679

Type  : Fast Model Recovery 'alarme:A1|contador:H2|divF:DIV1|estado'
Slack : -1.673
TNS   : -1.673

Type  : Fast Model Recovery 'horario:H1|contador:H1|divF:DIV1|estado'
Slack : -1.631
TNS   : -1.631

Type  : Fast Model Recovery 'horario:H1|contador:H2|divF:DIV1|estado'
Slack : -1.625
TNS   : -1.625

Type  : Fast Model Recovery 'cronometro:C1|contador:S2|divF:DIV2|estado'
Slack : -1.593
TNS   : -1.593

Type  : Fast Model Recovery 'cronometro:C1|contador:S2|divF:DIV1|estado'
Slack : -1.582
TNS   : -1.582

Type  : Fast Model Recovery 'cronometro:C1|contador:M1|divF:DIV1|estado'
Slack : -1.577
TNS   : -1.577

Type  : Fast Model Recovery 'alarme:A1|contador:H2|divF:DIV3|estado'
Slack : -1.547
TNS   : -1.547

Type  : Fast Model Recovery 'horario:H1|clockM'
Slack : -0.715
TNS   : -0.715

Type  : Fast Model Recovery 'alarme:A1|contador:M1|divF:DIV4|estado'
Slack : -0.701
TNS   : -0.701

Type  : Fast Model Recovery 'cronometro:C1|divF:DIV1|estado'
Slack : -0.618
TNS   : -0.618

Type  : Fast Model Recovery 'cronometro:C1|contador:S2|divF:DIV3|estado'
Slack : -0.605
TNS   : -1.041

Type  : Fast Model Recovery 'alarme:A1|clockM'
Slack : -0.513
TNS   : -0.513

Type  : Fast Model Recovery 'horario:H1|contador:S1|divF:DIV4|estado'
Slack : -0.473
TNS   : -0.473

Type  : Fast Model Recovery 'cronometro:C1|contador:M1|divF:DIV4|estado'
Slack : -0.441
TNS   : -0.441

Type  : Fast Model Recovery 'horario:H1|clockH'
Slack : -0.435
TNS   : -0.435

Type  : Fast Model Recovery 'alarme:A1|contador:H1|divF:DIV4|estado'
Slack : -0.432
TNS   : -0.432

Type  : Fast Model Recovery 'cronometro:C1|contador:MS1|divF:DIV4|estado'
Slack : -0.432
TNS   : -0.432

Type  : Fast Model Recovery 'cronometro:C1|contador:MS2|divF:DIV4|estado'
Slack : -0.432
TNS   : -0.432

Type  : Fast Model Recovery 'horario:H1|contador:M1|divF:DIV4|estado'
Slack : -0.427
TNS   : -0.427

Type  : Fast Model Recovery 'horario:H1|contador:H1|divF:DIV4|estado'
Slack : -0.373
TNS   : -0.373

Type  : Fast Model Recovery 'cronometro:C1|contador:S1|divF:DIV4|estado'
Slack : -0.344
TNS   : -0.344

Type  : Fast Model Recovery 'alarme:A1|clockH'
Slack : -0.343
TNS   : -0.343

Type  : Fast Model Recovery 'set'
Slack : -0.143
TNS   : -0.432

Type  : Fast Model Removal 'set'
Slack : -0.956
TNS   : -3.768

Type  : Fast Model Removal 'alarme:A1|clockM'
Slack : 0.630
TNS   : 0.000

Type  : Fast Model Removal 'horario:H1|contador:H1|divF:DIV4|estado'
Slack : 0.737
TNS   : 0.000

Type  : Fast Model Removal 'horario:H1|contador:S1|divF:DIV4|estado'
Slack : 0.747
TNS   : 0.000

Type  : Fast Model Removal 'alarme:A1|clockH'
Slack : 0.748
TNS   : 0.000

Type  : Fast Model Removal 'cronometro:C1|contador:S1|divF:DIV4|estado'
Slack : 0.748
TNS   : 0.000

Type  : Fast Model Removal 'alarme:A1|contador:H1|divF:DIV4|estado'
Slack : 0.884
TNS   : 0.000

Type  : Fast Model Removal 'horario:H1|contador:M1|divF:DIV4|estado'
Slack : 0.912
TNS   : 0.000

Type  : Fast Model Removal 'cronometro:C1|contador:MS1|divF:DIV4|estado'
Slack : 0.917
TNS   : 0.000

Type  : Fast Model Removal 'horario:H1|clockH'
Slack : 0.942
TNS   : 0.000

Type  : Fast Model Removal 'cronometro:C1|divF:DIV1|estado'
Slack : 0.963
TNS   : 0.000

Type  : Fast Model Removal 'cronometro:C1|contador:S2|divF:DIV3|estado'
Slack : 1.009
TNS   : 0.000

Type  : Fast Model Removal 'cronometro:C1|contador:MS2|divF:DIV4|estado'
Slack : 1.041
TNS   : 0.000

Type  : Fast Model Removal 'alarme:A1|contador:M1|divF:DIV4|estado'
Slack : 1.043
TNS   : 0.000

Type  : Fast Model Removal 'cronometro:C1|contador:M1|divF:DIV4|estado'
Slack : 1.057
TNS   : 0.000

Type  : Fast Model Removal 'horario:H1|clockM'
Slack : 1.235
TNS   : 0.000

Type  : Fast Model Removal 'horario:H1|divF:DIV1|estado'
Slack : 1.279
TNS   : 0.000

Type  : Fast Model Removal 'horario:H1|contador:S1|divF:DIV2|estado'
Slack : 1.403
TNS   : 0.000

Type  : Fast Model Removal 'horario:H1|contador:S1|divF:DIV1|estado'
Slack : 1.438
TNS   : 0.000

Type  : Fast Model Removal 'horario:H1|contador:S1|divF:DIV3|estado'
Slack : 1.627
TNS   : 0.000

Type  : Fast Model Removal 'cronometro:C1|contador:S2|divF:DIV1|estado'
Slack : 1.986
TNS   : 0.000

Type  : Fast Model Removal 'horario:H1|contador:H2|divF:DIV1|estado'
Slack : 1.989
TNS   : 0.000

Type  : Fast Model Removal 'cronometro:C1|contador:S2|divF:DIV2|estado'
Slack : 1.997
TNS   : 0.000

Type  : Fast Model Removal 'alarme:A1|contador:H2|divF:DIV3|estado'
Slack : 1.999
TNS   : 0.000

Type  : Fast Model Removal 'alarme:A1|contador:M1|divF:DIV3|estado'
Slack : 2.015
TNS   : 0.000

Type  : Fast Model Removal 'cronometro:C1|contador:MS1|divF:DIV2|estado'
Slack : 2.043
TNS   : 0.000

Type  : Fast Model Removal 'alarme:A1|contador:M1|divF:DIV1|estado'
Slack : 2.069
TNS   : 0.000

Type  : Fast Model Removal 'horario:H1|contador:S2|divF:DIV2|estado'
Slack : 2.122
TNS   : 0.000

Type  : Fast Model Removal 'alarme:A1|contador:H2|divF:DIV1|estado'
Slack : 2.125
TNS   : 0.000

Type  : Fast Model Removal 'horario:H1|contador:S2|divF:DIV3|estado'
Slack : 2.129
TNS   : 0.000

Type  : Fast Model Removal 'horario:H1|contador:H2|divF:DIV2|estado'
Slack : 2.130
TNS   : 0.000

Type  : Fast Model Removal 'horario:H1|contador:H1|divF:DIV1|estado'
Slack : 2.138
TNS   : 0.000

Type  : Fast Model Removal 'horario:H1|contador:H2|divF:DIV3|estado'
Slack : 2.143
TNS   : 0.000

Type  : Fast Model Removal 'horario:H1|contador:S2|divF:DIV1|estado'
Slack : 2.144
TNS   : 0.000

Type  : Fast Model Removal 'alarme:A1|contador:M1|divF:DIV2|estado'
Slack : 2.177
TNS   : 0.000

Type  : Fast Model Removal 'cronometro:C1|contador:M1|divF:DIV1|estado'
Slack : 2.180
TNS   : 0.000

Type  : Fast Model Removal 'alarme:A1|contador:M2|divF:DIV2|estado'
Slack : 2.189
TNS   : 0.000

Type  : Fast Model Removal 'horario:H1|contador:M2|divF:DIV1|estado'
Slack : 2.200
TNS   : 0.000

Type  : Fast Model Removal 'alarme:A1|contador:H1|divF:DIV2|estado'
Slack : 2.203
TNS   : 0.000

Type  : Fast Model Removal 'cronometro:C1|contador:MS1|divF:DIV3|estado'
Slack : 2.220
TNS   : 0.000

Type  : Fast Model Removal 'cronometro:C1|contador:MS1|divF:DIV1|estado'
Slack : 2.228
TNS   : 0.000

Type  : Fast Model Removal 'alarme:A1|contador:H1|divF:DIV1|estado'
Slack : 2.232
TNS   : 0.000

Type  : Fast Model Removal 'horario:H1|contador:H1|divF:DIV2|estado'
Slack : 2.245
TNS   : 0.000

Type  : Fast Model Removal 'alarme:A1|contador:H1|divF:DIV3|estado'
Slack : 2.252
TNS   : 0.000

Type  : Fast Model Removal 'horario:H1|contador:M2|divF:DIV3|estado'
Slack : 2.277
TNS   : 0.000

Type  : Fast Model Removal 'cronometro:C1|contador:M1|divF:DIV3|estado'
Slack : 2.282
TNS   : 0.000

Type  : Fast Model Removal 'horario:H1|contador:M1|divF:DIV3|estado'
Slack : 2.282
TNS   : 0.000

Type  : Fast Model Removal 'horario:H1|contador:M1|divF:DIV2|estado'
Slack : 2.290
TNS   : 0.000

Type  : Fast Model Removal 'cronometro:C1|contador:M1|divF:DIV2|estado'
Slack : 2.296
TNS   : 0.000

Type  : Fast Model Removal 'cronometro:C1|contador:M2|divF:DIV3|estado'
Slack : 2.328
TNS   : 0.000

Type  : Fast Model Removal 'alarme:A1|contador:M2|divF:DIV1|estado'
Slack : 2.331
TNS   : 0.000

Type  : Fast Model Removal 'alarme:A1|contador:M2|divF:DIV3|estado'
Slack : 2.338
TNS   : 0.000

Type  : Fast Model Removal 'cronometro:C1|contador:M2|divF:DIV2|estado'
Slack : 2.346
TNS   : 0.000

Type  : Fast Model Removal 'alarme:A1|contador:H2|divF:DIV2|estado'
Slack : 2.356
TNS   : 0.000

Type  : Fast Model Removal 'cronometro:C1|contador:MS2|divF:DIV3|estado'
Slack : 2.358
TNS   : 0.000

Type  : Fast Model Removal 'horario:H1|contador:H1|divF:DIV3|estado'
Slack : 2.377
TNS   : 0.000

Type  : Fast Model Removal 'cronometro:C1|contador:MS2|divF:DIV2|estado'
Slack : 2.389
TNS   : 0.000

Type  : Fast Model Removal 'horario:H1|contador:M2|divF:DIV2|estado'
Slack : 2.405
TNS   : 0.000

Type  : Fast Model Removal 'cronometro:C1|contador:M2|divF:DIV1|estado'
Slack : 2.424
TNS   : 0.000

Type  : Fast Model Removal 'cronometro:C1|contador:MS2|divF:DIV1|estado'
Slack : 2.454
TNS   : 0.000

Type  : Fast Model Removal 'cronometro:C1|contador:S1|divF:DIV1|estado'
Slack : 2.513
TNS   : 0.000

Type  : Fast Model Removal 'horario:H1|contador:M1|divF:DIV1|estado'
Slack : 2.638
TNS   : 0.000

Type  : Fast Model Removal 'cronometro:C1|contador:S1|divF:DIV2|estado'
Slack : 2.664
TNS   : 0.000

Type  : Fast Model Removal 'cronometro:C1|contador:S1|divF:DIV3|estado'
Slack : 2.753
TNS   : 0.000

Type  : Fast Model Minimum Pulse Width 'clock1'
Slack : -1.380
TNS   : -86.380

Type  : Fast Model Minimum Pulse Width 'set'
Slack : -1.222
TNS   : -5.222

Type  : Fast Model Minimum Pulse Width 'modo'
Slack : -1.222
TNS   : -3.222

Type  : Fast Model Minimum Pulse Width 'strt'
Slack : -1.222
TNS   : -2.222

Type  : Fast Model Minimum Pulse Width 'cronometro:C1|contador:S2|divF:DIV3|estado'
Slack : -0.500
TNS   : -56.000

Type  : Fast Model Minimum Pulse Width 'alarme:A1|clockH'
Slack : -0.500
TNS   : -29.000

Type  : Fast Model Minimum Pulse Width 'alarme:A1|clockM'
Slack : -0.500
TNS   : -29.000

Type  : Fast Model Minimum Pulse Width 'alarme:A1|contador:H1|divF:DIV4|estado'
Slack : -0.500
TNS   : -29.000

Type  : Fast Model Minimum Pulse Width 'alarme:A1|contador:M1|divF:DIV4|estado'
Slack : -0.500
TNS   : -29.000

Type  : Fast Model Minimum Pulse Width 'cronometro:C1|contador:M1|divF:DIV4|estado'
Slack : -0.500
TNS   : -29.000

Type  : Fast Model Minimum Pulse Width 'cronometro:C1|contador:MS1|divF:DIV4|estado'
Slack : -0.500
TNS   : -29.000

Type  : Fast Model Minimum Pulse Width 'cronometro:C1|contador:MS2|divF:DIV4|estado'
Slack : -0.500
TNS   : -29.000

Type  : Fast Model Minimum Pulse Width 'cronometro:C1|contador:S1|divF:DIV4|estado'
Slack : -0.500
TNS   : -29.000

Type  : Fast Model Minimum Pulse Width 'cronometro:C1|divF:DIV1|estado'
Slack : -0.500
TNS   : -29.000

Type  : Fast Model Minimum Pulse Width 'horario:H1|clockH'
Slack : -0.500
TNS   : -29.000

Type  : Fast Model Minimum Pulse Width 'horario:H1|clockM'
Slack : -0.500
TNS   : -29.000

Type  : Fast Model Minimum Pulse Width 'horario:H1|contador:H1|divF:DIV4|estado'
Slack : -0.500
TNS   : -29.000

Type  : Fast Model Minimum Pulse Width 'horario:H1|contador:M1|divF:DIV4|estado'
Slack : -0.500
TNS   : -29.000

Type  : Fast Model Minimum Pulse Width 'horario:H1|contador:S1|divF:DIV4|estado'
Slack : -0.500
TNS   : -29.000

Type  : Fast Model Minimum Pulse Width 'horario:H1|divF:DIV1|estado'
Slack : -0.500
TNS   : -29.000

Type  : Fast Model Minimum Pulse Width 'alarme:A1|contador:H1|divF:DIV1|estado'
Slack : -0.500
TNS   : -27.000

Type  : Fast Model Minimum Pulse Width 'alarme:A1|contador:H1|divF:DIV2|estado'
Slack : -0.500
TNS   : -27.000

Type  : Fast Model Minimum Pulse Width 'alarme:A1|contador:H1|divF:DIV3|estado'
Slack : -0.500
TNS   : -27.000

Type  : Fast Model Minimum Pulse Width 'alarme:A1|contador:H2|divF:DIV1|estado'
Slack : -0.500
TNS   : -27.000

Type  : Fast Model Minimum Pulse Width 'alarme:A1|contador:H2|divF:DIV2|estado'
Slack : -0.500
TNS   : -27.000

Type  : Fast Model Minimum Pulse Width 'alarme:A1|contador:H2|divF:DIV3|estado'
Slack : -0.500
TNS   : -27.000

Type  : Fast Model Minimum Pulse Width 'alarme:A1|contador:M1|divF:DIV1|estado'
Slack : -0.500
TNS   : -27.000

Type  : Fast Model Minimum Pulse Width 'alarme:A1|contador:M1|divF:DIV2|estado'
Slack : -0.500
TNS   : -27.000

Type  : Fast Model Minimum Pulse Width 'alarme:A1|contador:M1|divF:DIV3|estado'
Slack : -0.500
TNS   : -27.000

Type  : Fast Model Minimum Pulse Width 'alarme:A1|contador:M2|divF:DIV1|estado'
Slack : -0.500
TNS   : -27.000

Type  : Fast Model Minimum Pulse Width 'alarme:A1|contador:M2|divF:DIV2|estado'
Slack : -0.500
TNS   : -27.000

Type  : Fast Model Minimum Pulse Width 'alarme:A1|contador:M2|divF:DIV3|estado'
Slack : -0.500
TNS   : -27.000

Type  : Fast Model Minimum Pulse Width 'cronometro:C1|contador:M1|divF:DIV1|estado'
Slack : -0.500
TNS   : -27.000

Type  : Fast Model Minimum Pulse Width 'cronometro:C1|contador:M1|divF:DIV2|estado'
Slack : -0.500
TNS   : -27.000

Type  : Fast Model Minimum Pulse Width 'cronometro:C1|contador:M1|divF:DIV3|estado'
Slack : -0.500
TNS   : -27.000

Type  : Fast Model Minimum Pulse Width 'cronometro:C1|contador:M2|divF:DIV1|estado'
Slack : -0.500
TNS   : -27.000

Type  : Fast Model Minimum Pulse Width 'cronometro:C1|contador:M2|divF:DIV2|estado'
Slack : -0.500
TNS   : -27.000

Type  : Fast Model Minimum Pulse Width 'cronometro:C1|contador:M2|divF:DIV3|estado'
Slack : -0.500
TNS   : -27.000

Type  : Fast Model Minimum Pulse Width 'cronometro:C1|contador:MS1|divF:DIV1|estado'
Slack : -0.500
TNS   : -27.000

Type  : Fast Model Minimum Pulse Width 'cronometro:C1|contador:MS1|divF:DIV2|estado'
Slack : -0.500
TNS   : -27.000

Type  : Fast Model Minimum Pulse Width 'cronometro:C1|contador:MS1|divF:DIV3|estado'
Slack : -0.500
TNS   : -27.000

Type  : Fast Model Minimum Pulse Width 'cronometro:C1|contador:MS2|divF:DIV1|estado'
Slack : -0.500
TNS   : -27.000

Type  : Fast Model Minimum Pulse Width 'cronometro:C1|contador:MS2|divF:DIV2|estado'
Slack : -0.500
TNS   : -27.000

Type  : Fast Model Minimum Pulse Width 'cronometro:C1|contador:MS2|divF:DIV3|estado'
Slack : -0.500
TNS   : -27.000

Type  : Fast Model Minimum Pulse Width 'cronometro:C1|contador:S1|divF:DIV1|estado'
Slack : -0.500
TNS   : -27.000

Type  : Fast Model Minimum Pulse Width 'cronometro:C1|contador:S1|divF:DIV2|estado'
Slack : -0.500
TNS   : -27.000

Type  : Fast Model Minimum Pulse Width 'cronometro:C1|contador:S1|divF:DIV3|estado'
Slack : -0.500
TNS   : -27.000

Type  : Fast Model Minimum Pulse Width 'cronometro:C1|contador:S2|divF:DIV1|estado'
Slack : -0.500
TNS   : -27.000

Type  : Fast Model Minimum Pulse Width 'cronometro:C1|contador:S2|divF:DIV2|estado'
Slack : -0.500
TNS   : -27.000

Type  : Fast Model Minimum Pulse Width 'horario:H1|contador:H1|divF:DIV1|estado'
Slack : -0.500
TNS   : -27.000

Type  : Fast Model Minimum Pulse Width 'horario:H1|contador:H1|divF:DIV2|estado'
Slack : -0.500
TNS   : -27.000

Type  : Fast Model Minimum Pulse Width 'horario:H1|contador:H1|divF:DIV3|estado'
Slack : -0.500
TNS   : -27.000

Type  : Fast Model Minimum Pulse Width 'horario:H1|contador:H2|divF:DIV1|estado'
Slack : -0.500
TNS   : -27.000

Type  : Fast Model Minimum Pulse Width 'horario:H1|contador:H2|divF:DIV2|estado'
Slack : -0.500
TNS   : -27.000

Type  : Fast Model Minimum Pulse Width 'horario:H1|contador:H2|divF:DIV3|estado'
Slack : -0.500
TNS   : -27.000

Type  : Fast Model Minimum Pulse Width 'horario:H1|contador:M1|divF:DIV1|estado'
Slack : -0.500
TNS   : -27.000

Type  : Fast Model Minimum Pulse Width 'horario:H1|contador:M1|divF:DIV2|estado'
Slack : -0.500
TNS   : -27.000

Type  : Fast Model Minimum Pulse Width 'horario:H1|contador:M1|divF:DIV3|estado'
Slack : -0.500
TNS   : -27.000

Type  : Fast Model Minimum Pulse Width 'horario:H1|contador:M2|divF:DIV1|estado'
Slack : -0.500
TNS   : -27.000

Type  : Fast Model Minimum Pulse Width 'horario:H1|contador:M2|divF:DIV2|estado'
Slack : -0.500
TNS   : -27.000

Type  : Fast Model Minimum Pulse Width 'horario:H1|contador:M2|divF:DIV3|estado'
Slack : -0.500
TNS   : -27.000

Type  : Fast Model Minimum Pulse Width 'horario:H1|contador:S1|divF:DIV1|estado'
Slack : -0.500
TNS   : -27.000

Type  : Fast Model Minimum Pulse Width 'horario:H1|contador:S1|divF:DIV2|estado'
Slack : -0.500
TNS   : -27.000

Type  : Fast Model Minimum Pulse Width 'horario:H1|contador:S1|divF:DIV3|estado'
Slack : -0.500
TNS   : -27.000

Type  : Fast Model Minimum Pulse Width 'horario:H1|contador:S2|divF:DIV1|estado'
Slack : -0.500
TNS   : -27.000

Type  : Fast Model Minimum Pulse Width 'horario:H1|contador:S2|divF:DIV2|estado'
Slack : -0.500
TNS   : -27.000

Type  : Fast Model Minimum Pulse Width 'horario:H1|contador:S2|divF:DIV3|estado'
Slack : -0.500
TNS   : -27.000

Type  : Fast Model Minimum Pulse Width 'EscolhaModo[0]'
Slack : 0.500
TNS   : 0.000

------------------------------------------------------------
